// Vitest Snapshot v1

exports[`computed > trigger 1`] = `
{
  "key": "qty",
  "newValue": 2,
  "oldValue": 1,
  "type": "set",
}
`;

exports[`computed > trigger 2`] = `
{
  "key": "2",
  "newValue": {
    "id": 102,
    "name": "keyboard",
    "price": 50,
    "qty": 1,
  },
  "oldValue": undefined,
  "type": "add",
}
`;

exports[`computed > trigger 3`] = `{}`;
